This is pdfTeX, Version 3.141592653-2.6-1.40.22 (TeX Live 2022/dev/Debian) (preloaded format=pdflatex 2026.8.14)  27 SEP 2026 12:30
entering extended mode
 restricted \write18 enabled.
 %&-line parsing enabled.
**main.tex
(./main.tex
LaTeX2e <2021-11-15> patch level 1
L3 programming layer <2022-01-21>
(/usr/share/texlive/texmf-dist/tex/latex/base/article.cls
Document Class: article 2021/10/04 v1.4n Standard LaTeX document class
(/usr/share/texlive/texmf-dist/tex/latex/base/size12.clo
File: size12.clo 2021/10/04 v1.4n Standard LaTeX file (size option)
)
\c@part=\count185
\c@section=\count186
\c@subsection=\count187
\c@subsubsection=\count188
\c@paragraph=\count189
\c@subparagraph=\count190
\c@figure=\count191
\c@table=\count192
\abovecaptionskip=\skip47
\belowcaptionskip=\skip48
\bibindent=\dimen138
)
(/usr/share/texlive/texmf-dist/tex/latex/base/fontenc.sty
Package: fontenc 2021/04/29 v2.0v Standard LaTeX package
)
(/usr/share/texlive/texmf-dist/tex/latex/psnfss/mathptmx.sty
Package: mathptmx 2020/03/25 PSNFSS-v9.3 Times w/ Math, improved (SPQR, WaS) 
LaTeX Font Info:    Redeclaring symbol font `operators' on input line 28.
LaTeX Font Info:    Overwriting symbol font `operators' in version `normal'
(Font)                  OT1/cmr/m/n --> OT1/ztmcm/m/n on input line 28.
LaTeX Font Info:    Overwriting symbol font `operators' in version `bold'
(Font)                  OT1/cmr/bx/n --> OT1/ztmcm/m/n on input line 28.
LaTeX Font Info:    Redeclaring symbol font `letters' on input line 29.
LaTeX Font Info:    Overwriting symbol font `letters' in version `normal'
(Font)                  OML/cmm/m/it --> OML/ztmcm/m/it on input line 29.
LaTeX Font Info:    Overwriting symbol font `letters' in version `bold'
(Font)                  OML/cmm/b/it --> OML/ztmcm/m/it on input line 29.
LaTeX Font Info:    Redeclaring symbol font `symbols' on input line 30.
LaTeX Font Info:    Overwriting symbol font `symbols' in version `normal'
(Font)                  OMS/cmsy/m/n --> OMS/ztmcm/m/n on input line 30.
LaTeX Font Info:    Overwriting symbol font `symbols' in version `bold'
(Font)                  OMS/cmsy/b/n --> OMS/ztmcm/m/n on input line 30.
LaTeX Font Info:    Redeclaring symbol font `largesymbols' on input line 31.
LaTeX Font Info:    Overwriting symbol font `largesymbols' in version `normal'
(Font)                  OMX/cmex/m/n --> OMX/ztmcm/m/n on input line 31.
LaTeX Font Info:    Overwriting symbol font `largesymbols' in version `bold'
(Font)                  OMX/cmex/m/n --> OMX/ztmcm/m/n on input line 31.
\symbold=\mathgroup4
\symitalic=\mathgroup5
LaTeX Font Info:    Redeclaring math alphabet \mathbf on input line 34.
LaTeX Font Info:    Overwriting math alphabet `\mathbf' in version `normal'
(Font)                  OT1/cmr/bx/n --> OT1/ptm/bx/n on input line 34.
LaTeX Font Info:    Overwriting math alphabet `\mathbf' in version `bold'
(Font)                  OT1/cmr/bx/n --> OT1/ptm/bx/n on input line 34.
LaTeX Font Info:    Redeclaring math alphabet \mathit on input line 35.
LaTeX Font Info:    Overwriting math alphabet `\mathit' in version `normal'
(Font)                  OT1/cmr/m/it --> OT1/ptm/m/it on input line 35.
LaTeX Font Info:    Overwriting math alphabet `\mathit' in version `bold'
(Font)                  OT1/cmr/bx/it --> OT1/ptm/m/it on input line 35.
LaTeX Info: Redefining \hbar on input line 50.
)
(/usr/share/texlive/texmf-dist/tex/latex/geometry/geometry.sty
Package: geometry 2020/01/02 v5.9 Page Geometry

(/usr/share/texlive/texmf-dist/tex/latex/graphics/keyval.sty
Package: keyval 2014/10/28 v1.15 key=value parser (DPC)
\KV@toks@=\toks16
)
(/usr/share/texlive/texmf-dist/tex/generic/iftex/ifvtex.sty
Package: ifvtex 2019/10/25 v1.7 ifvtex legacy package. Use iftex instead.

(/usr/share/texlive/texmf-dist/tex/generic/iftex/iftex.sty
Package: iftex 2020/03/06 v1.0d TeX engine tests
))
\Gm@cnth=\count193
\Gm@cntv=\count194
\c@Gm@tempcnt=\count195
\Gm@bindingoffset=\dimen139
\Gm@wd@mp=\dimen140
\Gm@odd@mp=\dimen141
\Gm@even@mp=\dimen142
\Gm@layoutwidth=\dimen143
\Gm@layoutheight=\dimen144
\Gm@layouthoffset=\dimen145
\Gm@layoutvoffset=\dimen146
\Gm@dimlist=\toks17
)
(/usr/share/texlive/texmf-dist/tex/latex/amsmath/amsmath.sty
Package: amsmath 2021/10/15 v2.17l AMS math features
\@mathmargin=\skip49

For additional information on amsmath, use the `?' option.
(/usr/share/texlive/texmf-dist/tex/latex/amsmath/amstext.sty
Package: amstext 2021/08/26 v2.01 AMS text

(/usr/share/texlive/texmf-dist/tex/latex/amsmath/amsgen.sty
File: amsgen.sty 1999/11/30 v2.0 generic functions
\@emptytoks=\toks18
\ex@=\dimen147
))
(/usr/share/texlive/texmf-dist/tex/latex/amsmath/amsbsy.sty
Package: amsbsy 1999/11/29 v1.2d Bold Symbols
\pmbraise@=\dimen148
)
(/usr/share/texlive/texmf-dist/tex/latex/amsmath/amsopn.sty
Package: amsopn 2021/08/26 v2.02 operator names
)
\inf@bad=\count196
LaTeX Info: Redefining \frac on input line 234.
\uproot@=\count197
\leftroot@=\count198
LaTeX Info: Redefining \overline on input line 399.
\classnum@=\count199
\DOTSCASE@=\count266
LaTeX Info: Redefining \ldots on input line 496.
LaTeX Info: Redefining \dots on input line 499.
LaTeX Info: Redefining \cdots on input line 620.
\Mathstrutbox@=\box50
\strutbox@=\box51
\big@size=\dimen149
LaTeX Font Info:    Redeclaring font encoding OML on input line 743.
LaTeX Font Info:    Redeclaring font encoding OMS on input line 744.
\macc@depth=\count267
\c@MaxMatrixCols=\count268
\dotsspace@=\muskip16
\c@parentequation=\count269
\dspbrk@lvl=\count270
\tag@help=\toks19
\row@=\count271
\column@=\count272
\maxfields@=\count273
\andhelp@=\toks20
\eqnshift@=\dimen150
\alignsep@=\dimen151
\tagshift@=\dimen152
\tagwidth@=\dimen153
\totwidth@=\dimen154
\lineht@=\dimen155
\@envbody=\toks21
\multlinegap=\skip50
\multlinetaggap=\skip51
\mathdisplay@stack=\toks22
LaTeX Info: Redefining \[ on input line 2938.
LaTeX Info: Redefining \] on input line 2939.
)
(/usr/share/texlive/texmf-dist/tex/latex/graphics/color.sty
Package: color 2021/12/07 v1.3c Standard LaTeX Color (DPC)

(/usr/share/texlive/texmf-dist/tex/latex/graphics-cfg/color.cfg
File: color.cfg 2016/01/02 v1.6 sample color configuration
)
Package color Info: Driver file: pdftex.def on input line 149.

(/usr/share/texlive/texmf-dist/tex/latex/graphics-def/pdftex.def
File: pdftex.def 2020/10/05 v1.2a Graphics/color driver for pdftex
))
(/usr/share/texlive/texmf-dist/tex/latex/fancyhdr/fancyhdr.sty
Package: fancyhdr 2021/01/28 v4.0.1 Extensive control of page headers and foote
rs
\f@nch@headwidth=\skip52
\f@nch@O@elh=\skip53
\f@nch@O@erh=\skip54
\f@nch@O@olh=\skip55
\f@nch@O@orh=\skip56
\f@nch@O@elf=\skip57
\f@nch@O@erf=\skip58
\f@nch@O@olf=\skip59
\f@nch@O@orf=\skip60
)
LaTeX Font Info:    Trying to load font information for T1+ptm on input line 12
.

(/usr/share/texlive/texmf-dist/tex/latex/psnfss/t1ptm.fd
File: t1ptm.fd 2001/06/04 font definitions for T1/ptm.
)
(/usr/share/texlive/texmf-dist/tex/latex/l3backend/l3backend-pdftex.def
File: l3backend-pdftex.def 2022-01-12 L3 backend support: PDF output (pdfTeX)
\l__color_backend_stack_int=\count274
\l__pdf_internal_box=\box52
)
(./main.aux)
\openout1 = `main.aux'.

LaTeX Font Info:    Checking defaults for OML/cmm/m/it on input line 12.
LaTeX Font Info:    ... okay on input line 12.
LaTeX Font Info:    Checking defaults for OMS/cmsy/m/n on input line 12.
LaTeX Font Info:    ... okay on input line 12.
LaTeX Font Info:    Checking defaults for OT1/cmr/m/n on input line 12.
LaTeX Font Info:    ... okay on input line 12.
LaTeX Font Info:    Checking defaults for T1/cmr/m/n on input line 12.
LaTeX Font Info:    ... okay on input line 12.
LaTeX Font Info:    Checking defaults for TS1/cmr/m/n on input line 12.
LaTeX Font Info:    ... okay on input line 12.
LaTeX Font Info:    Checking defaults for OMX/cmex/m/n on input line 12.
LaTeX Font Info:    ... okay on input line 12.
LaTeX Font Info:    Checking defaults for U/cmr/m/n on input line 12.
LaTeX Font Info:    ... okay on input line 12.

*geometry* driver: auto-detecting
*geometry* detected driver: pdftex
*geometry* verbose mode - [ preamble ] result:
* driver: pdftex
* paper: a4paper
* layout: <same size as paper>
* layoutoffset:(h,v)=(0.0pt,0.0pt)
* modes: 
* h-part:(L,W,R)=(72.26999pt, 452.9679pt, 72.26999pt)
* v-part:(T,H,B)=(72.26999pt, 700.50687pt, 72.26999pt)
* \paperwidth=597.50787pt
* \paperheight=845.04684pt
* \textwidth=452.9679pt
* \textheight=700.50687pt
* \oddsidemargin=0.0pt
* \evensidemargin=0.0pt
* \topmargin=-37.0pt
* \headheight=15.0pt
* \headsep=25.0pt
* \topskip=12.0pt
* \footskip=30.0pt
* \marginparwidth=35.0pt
* \marginparsep=10.0pt
* \columnsep=10.0pt
* \skip\footins=10.8pt plus 4.0pt minus 2.0pt
* \hoffset=0.0pt
* \voffset=0.0pt
* \mag=1000
* \@twocolumnfalse
* \@twosidefalse
* \@mparswitchfalse
* \@reversemarginfalse
* (1in=72.27pt=25.4mm, 1cm=28.453pt)

(/usr/share/texlive/texmf-dist/tex/context/base/mkii/supp-pdf.mkii
[Loading MPS to PDF converter (version 2006.09.02).]
\scratchcounter=\count275
\scratchdimen=\dimen156
\scratchbox=\box53
\nofMPsegments=\count276
\nofMParguments=\count277
\everyMPshowfont=\toks23
\MPscratchCnt=\count278
\MPscratchDim=\dimen157
\MPnumerator=\count279
\makeMPintoPDFobject=\count280
\everyMPtoPDFconversion=\toks24
)
LaTeX Font Info:    Trying to load font information for OT1+ztmcm on input line
 13.
 (/usr/share/texlive/texmf-dist/tex/latex/psnfss/ot1ztmcm.fd
File: ot1ztmcm.fd 2000/01/03 Fontinst v1.801 font definitions for OT1/ztmcm.
)
LaTeX Font Info:    Trying to load font information for OML+ztmcm on input line
 13.

(/usr/share/texlive/texmf-dist/tex/latex/psnfss/omlztmcm.fd
File: omlztmcm.fd 2000/01/03 Fontinst v1.801 font definitions for OML/ztmcm.
)
LaTeX Font Info:    Trying to load font information for OMS+ztmcm on input line
 13.

(/usr/share/texlive/texmf-dist/tex/latex/psnfss/omsztmcm.fd
File: omsztmcm.fd 2000/01/03 Fontinst v1.801 font definitions for OMS/ztmcm.
)
LaTeX Font Info:    Trying to load font information for OMX+ztmcm on input line
 13.

(/usr/share/texlive/texmf-dist/tex/latex/psnfss/omxztmcm.fd
File: omxztmcm.fd 2000/01/03 Fontinst v1.801 font definitions for OMX/ztmcm.
)
LaTeX Font Info:    Trying to load font information for OT1+ptm on input line 1
3.

(/usr/share/texlive/texmf-dist/tex/latex/psnfss/ot1ptm.fd
File: ot1ptm.fd 2001/06/04 font definitions for OT1/ptm.
)
LaTeX Font Info:    Font shape `OT1/ptm/bx/n' in size <14.4> not available
(Font)              Font shape `OT1/ptm/b/n' tried instead on input line 13.
LaTeX Font Info:    Font shape `OT1/ptm/bx/n' in size <10.95> not available
(Font)              Font shape `OT1/ptm/b/n' tried instead on input line 13.
LaTeX Font Info:    Font shape `OT1/ptm/bx/n' in size <8> not available
(Font)              Font shape `OT1/ptm/b/n' tried instead on input line 13.


LaTeX Warning: No \author given.

[1

{/var/lib/texmf/fonts/map/pdftex/updmap/pdftex.map}]
LaTeX Font Info:    Font shape `OT1/ptm/bx/n' in size <12> not available
(Font)              Font shape `OT1/ptm/b/n' tried instead on input line 26.
LaTeX Font Info:    Font shape `OT1/ptm/bx/n' in size <9> not available
(Font)              Font shape `OT1/ptm/b/n' tried instead on input line 26.
LaTeX Font Info:    Font shape `OT1/ptm/bx/n' in size <7> not available
(Font)              Font shape `OT1/ptm/b/n' tried instead on input line 26.

Overfull \hbox (43.99504pt too wide) in paragraph at lines 51--54
\T1/ptm/m/n/12 locked re-ac-tion pool (bench-mark route blocks plus literature-
noted al-ter-na-tives, data/reaction_pool.json).
 []

[2] [3]
Overfull \hbox (6.90442pt too wide) in paragraph at lines 92--93
\T1/ptm/m/n/12 mmol/gDW/h), el-e-men-tary car-bon bal-ance caps a C4 prod-uct a
t roughly one to two mmol/gDW/h
 []

[4] [5] [6] (./evidence_appendix.tex
LaTeX Font Info:    Trying to load font information for T1+cmtt on input line 3
.

(/usr/share/texlive/texmf-dist/tex/latex/base/t1cmtt.fd
File: t1cmtt.fd 2019/12/16 v2.5j Standard LaTeX font definitions
)
LaTeX Font Info:    Font shape `OT1/ptm/bx/n' in size <6> not available
(Font)              Font shape `OT1/ptm/b/n' tried instead on input line 4.
LaTeX Font Info:    Trying to load font information for TS1+ptm on input line 2
9.

(/usr/share/texlive/texmf-dist/tex/latex/psnfss/ts1ptm.fd
File: ts1ptm.fd 2001/06/04 font definitions for TS1/ptm.
)
Overfull \hbox (9.74605pt too wide) in paragraph at lines 29--30
[]\T1/ptm/b/n/12 [PENDING] \T1/ptm/m/n/12 dated battery-redesign amend-ment and
 ex-e-cu-tion against a fea-si-ble condition-
 []

[7

] [8]
Underfull \hbox (badness 10000) in paragraph at lines 52--52
[]\T1/ptm/m/n/12 Table 6: Two 1,4-BDO pool-v1 de-signs un-der the same bat-tery

 []


Underfull \hbox (badness 10000) in paragraph at lines 67--67
[]\T1/ptm/m/n/12 Table 7: Path-way def-i-ni-tions and bib-li-o-graphic iden-ti-
fiers tran-scribed from
 []


Underfull \hbox (badness 3635) in paragraph at lines 69--70
[]\T1/ptm/m/n/10.95 Atsumi, Hanai & Liao 2008, Na-ture
 []


Underfull \hbox (badness 10000) in paragraph at lines 70--71
[]\T1/ptm/m/n/10.95 Alper, Miyaoku & Stephanopou-los
 []


Overfull \hbox (1.39827pt too wide) in paragraph at lines 67--72
\T1/ptm/m/n/12 The published-route com-para-tor is en-tered as ex-plicit re-ac-
tion lists in \T1/cmtt/m/n/12 data/benchmarks.json\T1/ptm/m/n/12 .
 []

[9]
Underfull \hbox (badness 7326) in paragraph at lines 75--75
[]\T1/ptm/m/n/10.95 BDO2, BDO3, BDO4,
 []

[10] [11]
LaTeX Font Info:    Font shape `OT1/ptm/bx/n' in size <5> not available
(Font)              Font shape `OT1/ptm/b/n' tried instead on input line 124.
 [12]
Underfull \hbox (badness 10000) in paragraph at lines 160--160
[]\T1/ptm/m/n/8 succinate semi-alde-
 []


Underfull \hbox (badness 10000) in paragraph at lines 160--161
[]\T1/ptm/m/n/8 alpha-ketoglutarate de-car-
 []


Underfull \hbox (badness 10000) in paragraph at lines 160--161
\T1/ptm/m/n/8 boxy-lase (kgd, My-cobac-
 []


Underfull \hbox (badness 10000) in paragraph at lines 161--161
[]\T1/ptm/m/n/8 succinate semi-alde-
 []


Underfull \hbox (badness 10000) in paragraph at lines 161--162
[]\T1/ptm/m/n/8 4-hydroxybutyrate de-hy-dro-
 []


Underfull \hbox (badness 2020) in paragraph at lines 161--162
\T1/ptm/m/n/8 ge-nase (4hbD, P. gin-gi-valis
 []


Underfull \hbox (badness 3229) in paragraph at lines 161--162
\T1/ptm/m/n/8 / E. coli gabD-repurposed)
 []


Underfull \hbox (badness 10000) in paragraph at lines 162--162
[]\T1/ptm/m/n/8 4-hydroxybutyrate +
 []


Underfull \hbox (badness 10000) in paragraph at lines 162--162
[]\T1/ptm/m/n/8 4-hydroxybutyryl-
 []


Underfull \hbox (badness 1383) in paragraph at lines 162--163
[]\T1/ptm/m/n/8 CoA trans-ferase (cat2, Por-
 []


Underfull \hbox (badness 10000) in paragraph at lines 163--163
[]\T1/ptm/m/n/8 4-hydroxybutyryl-
 []


Underfull \hbox (badness 10000) in paragraph at lines 163--163
[]\T1/ptm/m/n/8 4-
 []


Overfull \hbox (1.05992pt too wide) in paragraph at lines 163--163
\T1/ptm/m/n/8 hydroxybutyraldehyde
 []


Underfull \hbox (badness 10000) in paragraph at lines 163--164
[]\T1/ptm/m/n/8 CoA-acylating alde-hyde
 []


Underfull \hbox (badness 10000) in paragraph at lines 163--164
\T1/ptm/m/n/8 de-hy-dro-ge-nase (bld/ALD,
 []


Underfull \hbox (badness 10000) in paragraph at lines 164--164
[]\T1/ptm/m/n/8 4-
 []


Overfull \hbox (1.05992pt too wide) in paragraph at lines 164--164
\T1/ptm/m/n/8 hydroxybutyraldehyde| 
 []


Underfull \hbox (badness 10000) in paragraph at lines 164--165
[]\T1/ptm/m/n/8 alcohol de-hy-dro-ge-nase
 []


Underfull \hbox (badness 4859) in paragraph at lines 164--165
\T1/ptm/m/n/8 (adhE2, Clostrid-ium ace-to-
 []


Overfull \hbox (10.44608pt too wide) in paragraph at lines 165--165
[]\T1/ptm/m/n/8 ISOBUTANOL| 
 []


Underfull \hbox (badness 6047) in paragraph at lines 165--166
[]\T1/ptm/m/n/8 acetolactate syn-thase (alsS,
 []


Overfull \hbox (10.44608pt too wide) in paragraph at lines 166--166
[]\T1/ptm/m/n/8 ISOBUTANOL| 
 []


Underfull \hbox (badness 10000) in paragraph at lines 166--166
[]\T1/ptm/m/n/8 2,3-dihydroxy-3-
 []


Underfull \hbox (badness 10000) in paragraph at lines 166--167
[]\T1/ptm/m/n/8 ketol-acid re-duc-toi-so-merase
 []


Overfull \hbox (10.44608pt too wide) in paragraph at lines 167--167
[]\T1/ptm/m/n/8 ISOBUTANOL| 
 []


Underfull \hbox (badness 10000) in paragraph at lines 167--167
[]\T1/ptm/m/n/8 2,3-dihydroxy-3-
 []


Underfull \hbox (badness 10000) in paragraph at lines 167--168
[]\T1/ptm/m/n/8 dihydroxy-acid de-hy-dratase
 []


Overfull \hbox (10.44608pt too wide) in paragraph at lines 168--168
[]\T1/ptm/m/n/8 ISOBUTANOL| 
 []


Underfull \hbox (badness 10000) in paragraph at lines 168--168
[]\T1/ptm/m/n/8 isobutyraldehyde +
 []


Underfull \hbox (badness 10000) in paragraph at lines 168--169
\T1/ptm/m/n/8 (kivd, Lac-to-coc-cus lac-tis)
 []


Overfull \hbox (10.44608pt too wide) in paragraph at lines 169--169
[]\T1/ptm/m/n/8 ISOBUTANOL| 
 []


Overfull \hbox (1.14207pt too wide) in paragraph at lines 170--170
[]\T1/ptm/m/n/8 LYCOPENE| 
 []


Overfull \hbox (1.14207pt too wide) in paragraph at lines 171--171
[]\T1/ptm/m/n/8 LYCOPENE| 
 []


Underfull \hbox (badness 2073) in paragraph at lines 171--172
[]\T1/ptm/m/n/8 phytoene syn-thase (crtB, P.
 []


Overfull \hbox (1.14207pt too wide) in paragraph at lines 172--172
[]\T1/ptm/m/n/8 LYCOPENE| 
 []


Overfull \hbox (1.14207pt too wide) in paragraph at lines 173--173
[]\T1/ptm/m/n/8 LYCOPENE| 
 []


Underfull \hbox (badness 1210) in paragraph at lines 173--174
[]\T1/ptm/m/n/8 1-deoxy-D-xylulose-5-P syn-
 []

[13]
Underfull \hbox (badness 10000) in paragraph at lines 181--181
[]\T1/ptm/m/n/12 Table 14: All fif-teen stored top-five rows from com-mit-ted
 []


Underfull \hbox (badness 1874) in paragraph at lines 181--181
\T1/cmtt/m/n/12 results/exhaustive_nominal_v2.json\T1/ptm/m/n/12 . The com-pact
 bit or-der for host levers is
 []

[14] [15]
Overfull \hbox (56.50313pt too wide) in paragraph at lines 210--214
 [][] 
 []


Overfull \hbox (98.1706pt too wide) in paragraph at lines 221--222
\T1/ptm/m/n/12 against pub-lished routes with-out the added feed. The later com
-mit-ted \T1/cmtt/m/n/12 results/ecofeed_rebaseline_null.json
 []

[16]
Overfull \hbox (57.70131pt too wide) in paragraph at lines 223--224
\T1/cmtt/m/n/12 ko_tpiA\T1/ptm/m/n/12 , ex-pand-ing the pool to 256 genomes per
 tar-get. Com-mit-ted \T1/cmtt/m/n/12 results/battery_tiered_v3.json
 []

[17]
Overfull \hbox (4.37158pt too wide) in paragraph at lines 236--236
[]\T1/ptm/b/n/14.4 The robust-minimal-architecture con-straint has an au-ditabl
e de-nom-
 []

) [18] (./main.aux) ) 
Here is how much of TeX's memory you used:
 2954 strings out of 480247
 43419 string characters out of 5896151
 355784 words of memory out of 5000000
 20846 multiletter control sequences out of 15000+600000
 535373 words of font info for 129 fonts, out of 8000000 for 9000
 14 hyphenation exceptions out of 8191
 55i,12n,62p,2766b,280s stack positions out of 5000i,500n,10000p,200000b,80000s
 </home/sandbox/.texlive2021/texmf-var/fonts/pk/ljfour/jkn
appen/ec/ectt1200.600pk>{/usr/share/texlive/texmf-dist/fonts/enc/dvips/base/8r.
enc}</usr/share/texlive/texmf-dist/fonts/type1/public/amsfonts/cm/cmex10.pfb></
usr/share/texlive/texmf-dist/fonts/type1/public/amsfonts/cm/cmmi10.pfb></usr/sh
are/texlive/texmf-dist/fonts/type1/public/amsfonts/cm/cmr10.pfb></usr/share/tex
live/texmf-dist/fonts/type1/public/amsfonts/cm/cmsy10.pfb></usr/share/texlive/t
exmf-dist/fonts/type1/public/rsfs/rsfs10.pfb></usr/share/texlive/texmf-dist/fon
ts/type1/urw/symbol/usyr.pfb></usr/share/texlive/texmf-dist/fonts/type1/urw/sym
bol/usyr.pfb></usr/share/texlive/texmf-dist/fonts/type1/urw/times/utmb8a.pfb></
usr/share/texlive/texmf-dist/fonts/type1/urw/times/utmr8a.pfb></usr/share/texli
ve/texmf-dist/fonts/type1/urw/times/utmri8a.pfb>
Output written on main.pdf (18 pages, 152012 bytes).
PDF statistics:
 146 PDF objects out of 1000 (max. 8388607)
 76 compressed objects within 1 object stream
 0 named destinations out of 1000 (max. 500000)
 1 words of extra memory for PDF output out of 10000 (max. 10000000)

